
> build
> tsc && vite build

src/pages/Dashboard.tsx(64,36): error TS2339: Property 'toMillis' does not exist on type 'string | Timestamp'.
  Property 'toMillis' does not exist on type 'string'.
src/pages/Dashboard.tsx(64,57): error TS2339: Property 'toMillis' does not exist on type 'string | Timestamp'.
  Property 'toMillis' does not exist on type 'string'.
src/pages/Dashboard.tsx(64,79): error TS2769: No overload matches this call.
  Overload 1 of 4, '(value: string | number | Date): Date', gave the following error.
    Argument of type 'string | Timestamp' is not assignable to parameter of type 'string | number | Date'.
      Type 'Timestamp' is not assignable to type 'string | number | Date'.
        Type 'Timestamp' is missing the following properties from type 'Date': toDateString, toTimeString, toLocaleDateString, toLocaleTimeString, and 36 more.
  Overload 2 of 4, '(value: string | number): Date', gave the following error.
    Argument of type 'string | Timestamp' is not assignable to parameter of type 'string | number'.
      Type 'Timestamp' is not assignable to type 'string | number'.
src/pages/Dashboard.tsx(68,30): error TS2339: Property 'toMillis' does not exist on type 'string | Timestamp'.
  Property 'toMillis' does not exist on type 'string'.
src/pages/Dashboard.tsx(68,48): error TS2339: Property 'toMillis' does not exist on type 'string | Timestamp'.
  Property 'toMillis' does not exist on type 'string'.
src/pages/Dashboard.tsx(68,70): error TS2769: No overload matches this call.
  Overload 1 of 4, '(value: string | number | Date): Date', gave the following error.
    Argument of type 'string | Timestamp' is not assignable to parameter of type 'string | number | Date'.
      Type 'Timestamp' is not assignable to type 'string | number | Date'.
        Type 'Timestamp' is missing the following properties from type 'Date': toDateString, toTimeString, toLocaleDateString, toLocaleTimeString, and 36 more.
  Overload 2 of 4, '(value: string | number): Date', gave the following error.
    Argument of type 'string | Timestamp' is not assignable to parameter of type 'string | number'.
      Type 'Timestamp' is not assignable to type 'string | number'.
src/pages/Dashboard.tsx(69,30): error TS2339: Property 'toMillis' does not exist on type 'string | Timestamp'.
  Property 'toMillis' does not exist on type 'string'.
src/pages/Dashboard.tsx(69,48): error TS2339: Property 'toMillis' does not exist on type 'string | Timestamp'.
  Property 'toMillis' does not exist on type 'string'.
src/pages/Dashboard.tsx(69,70): error TS2769: No overload matches this call.
  Overload 1 of 4, '(value: string | number | Date): Date', gave the following error.
    Argument of type 'string | Timestamp' is not assignable to parameter of type 'string | number | Date'.
      Type 'Timestamp' is not assignable to type 'string | number | Date'.
        Type 'Timestamp' is missing the following properties from type 'Date': toDateString, toTimeString, toLocaleDateString, toLocaleTimeString, and 36 more.
  Overload 2 of 4, '(value: string | number): Date', gave the following error.
    Argument of type 'string | Timestamp' is not assignable to parameter of type 'string | number'.
      Type 'Timestamp' is not assignable to type 'string | number'.
src/pages/Statistics.tsx(52,26): error TS2339: Property 'toDate' does not exist on type 'string | Timestamp'.
  Property 'toDate' does not exist on type 'string'.
src/pages/Statistics.tsx(223,24): error TS18047: 'b.resolvedEventDate' is possibly 'null'.
