src/services/bookingManagementService.ts(5,10): error TS2305: Module '"./n8nService"' has no exported member 'notifyN8n'.
